// Jest Snapshot v1, https://goo.gl/fbAQLP

exports[`Demo Test: render [BasicDemo] correctly 1`] = `
"<div class=\\"arco-space arco-space-vertical\\">
  <!---->
  <div class=\\"arco-space-item\\" style=\\"margin-bottom: 24px;\\">
    <div role=\\"separator\\" class=\\"arco-divider arco-divider-horizontal arco-divider-with-text\\"><span class=\\"arco-divider-text arco-divider-text-left\\">切换</span></div>
  </div>
  <!---->
  <div class=\\"arco-space-item\\" style=\\"margin-bottom: 24px;\\"> 类型：</div>
  <!---->
  <div class=\\"arco-space-item\\" style=\\"margin-bottom: 24px;\\"><span class=\\"arco-radio-group arco-radio-group-size-undefined arco-radio-group-direction-horizontal\\"><label class=\\"arco-radio arco-radio-checked\\"><input type=\\"radio\\" class=\\"arco-radio-target\\" value=\\"money\\"><span class=\\"arco-icon-hover arco-icon-hover-disabled arco-radio-icon-hover\\"><span class=\\"arco-radio-icon\\"></span></span><span class=\\"arco-radio-label\\">金额</span></label><label class=\\"arco-radio\\"><input type=\\"radio\\" class=\\"arco-radio-target\\" value=\\"decimal\\"><span class=\\"arco-icon-hover arco-radio-icon-hover\\"><span class=\\"arco-radio-icon\\"></span></span><span class=\\"arco-radio-label\\">小数</span></label><label class=\\"arco-radio\\"><input type=\\"radio\\" class=\\"arco-radio-target\\" value=\\"int\\"><span class=\\"arco-icon-hover arco-radio-icon-hover\\"><span class=\\"arco-radio-icon\\"></span></span><span class=\\"arco-radio-label\\">整数</span></label><label class=\\"arco-radio\\"><input type=\\"radio\\" class=\\"arco-radio-target\\" value=\\"percent\\"><span class=\\"arco-icon-hover arco-radio-icon-hover\\"><span class=\\"arco-radio-icon\\"></span></span><span class=\\"arco-radio-label\\">百分比</span></label></span></div>
  <!---->
  <div class=\\"arco-space-item\\" style=\\"margin-bottom: 24px;\\"> 金额单位：</div>
  <!---->
  <div class=\\"arco-space-item\\" style=\\"margin-bottom: 24px;\\"><span class=\\"arco-radio-group arco-radio-group-size-undefined arco-radio-group-direction-horizontal\\"><label class=\\"arco-radio arco-radio-checked\\"><input type=\\"radio\\" class=\\"arco-radio-target\\" value=\\"元\\"><span class=\\"arco-icon-hover arco-icon-hover-disabled arco-radio-icon-hover\\"><span class=\\"arco-radio-icon\\"></span></span><span class=\\"arco-radio-label\\">元</span></label><label class=\\"arco-radio\\"><input type=\\"radio\\" class=\\"arco-radio-target\\" value=\\"万元\\"><span class=\\"arco-icon-hover arco-radio-icon-hover\\"><span class=\\"arco-radio-icon\\"></span></span><span class=\\"arco-radio-label\\">万元</span></label></span></div>
  <!---->
  <div class=\\"arco-space-item\\" style=\\"margin-bottom: 24px;\\">
    <div class=\\"am-vue-input-decimal-container\\" style=\\"width: 480px;\\"><span class=\\"arco-input-wrapper arco-input-number arco-input-number-mode-embed arco-input-number-size-medium am-vue-input-decimal-input\\" capitalunit=\\"元\\" showcapital=\\"true\\" style=\\"width: 480px;\\"><!----><input class=\\"arco-input arco-input-size-medium\\" type=\\"money\\" placeholder=\\"请输入\\" role=\\"spinbutton\\" aria-valuemax=\\"Infinity\\" aria-valuemin=\\"-Infinity\\" aria-valuenow=\\"\\"><!----><span class=\\"arco-input-suffix\\"><!---->元<!----></span></span>
      <div class=\\"am-vue-input-decimal-capital\\"></div>
    </div>
  </div>
  <!---->
  <div class=\\"arco-space-item\\" style=\\"margin-bottom: 24px;\\">
    <div role=\\"separator\\" class=\\"arco-divider arco-divider-horizontal arco-divider-with-text\\"><span class=\\"arco-divider-text arco-divider-text-left\\">金额</span></div>
  </div>
  <!---->
  <div class=\\"arco-space-item\\" style=\\"margin-bottom: 24px;\\">
    <div class=\\"am-vue-input-decimal-container\\" style=\\"width: 480px;\\"><span class=\\"arco-input-wrapper arco-input-number arco-input-number-mode-embed arco-input-number-size-medium am-vue-input-decimal-input\\" capitalunit=\\"万元\\" showcapital=\\"true\\" style=\\"width: 480px;\\"><!----><input class=\\"arco-input arco-input-size-medium\\" type=\\"money\\" placeholder=\\"请输入金额\\" role=\\"spinbutton\\" aria-valuemax=\\"Infinity\\" aria-valuemin=\\"-Infinity\\" aria-valuenow=\\"\\"><!----><span class=\\"arco-input-suffix\\"><!---->万元<!----></span></span>
      <div class=\\"am-vue-input-decimal-capital\\"></div>
    </div>
  </div>
  <!---->
  <div class=\\"arco-space-item\\" style=\\"margin-bottom: 24px;\\">
    <div class=\\"am-vue-input-decimal-container\\" style=\\"width: 480px;\\"><span class=\\"arco-input-wrapper arco-input-number arco-input-number-mode-embed arco-input-number-size-medium am-vue-input-decimal-input\\" capitalunit=\\"元\\" showcapital=\\"true\\" style=\\"width: 480px;\\"><!----><input class=\\"arco-input arco-input-size-medium\\" type=\\"money\\" placeholder=\\"请输入金额\\" role=\\"spinbutton\\" aria-valuemax=\\"Infinity\\" aria-valuemin=\\"-Infinity\\" aria-valuenow=\\"\\"><!----><span class=\\"arco-input-suffix\\"><!---->元<!----></span></span>
      <div class=\\"am-vue-input-decimal-capital\\"></div>
    </div>
  </div>
  <!---->
  <div class=\\"arco-space-item\\" style=\\"margin-bottom: 24px;\\">
    <div role=\\"separator\\" class=\\"arco-divider arco-divider-horizontal arco-divider-with-text\\"><span class=\\"arco-divider-text arco-divider-text-left\\">百分比</span></div>
  </div>
  <!---->
  <div class=\\"arco-space-item\\" style=\\"margin-bottom: 24px;\\">
    <div class=\\"am-vue-input-decimal-container\\" style=\\"width: 480px;\\"><span class=\\"arco-input-wrapper arco-input-number arco-input-number-mode-embed arco-input-number-size-medium am-vue-input-decimal-input\\" capitalunit=\\"元\\" showcapital=\\"false\\" style=\\"width: 480px;\\"><!----><input class=\\"arco-input arco-input-size-medium\\" type=\\"percent\\" placeholder=\\"请输入比例\\" role=\\"spinbutton\\" aria-valuemax=\\"Infinity\\" aria-valuemin=\\"-Infinity\\" aria-valuenow=\\"\\"><!----><span class=\\"arco-input-suffix\\"><!---->%<!----></span></span>
      <!---->
    </div>
  </div>
  <!---->
  <div class=\\"arco-space-item\\" style=\\"margin-bottom: 24px;\\">
    <div role=\\"separator\\" class=\\"arco-divider arco-divider-horizontal arco-divider-with-text\\"><span class=\\"arco-divider-text arco-divider-text-left\\">小数</span></div>
  </div>
  <!---->
  <div class=\\"arco-space-item\\" style=\\"margin-bottom: 24px;\\">
    <div class=\\"am-vue-input-decimal-container\\" style=\\"width: 480px;\\"><span class=\\"arco-input-wrapper arco-input-number arco-input-number-mode-embed arco-input-number-size-medium am-vue-input-decimal-input\\" capitalunit=\\"元\\" showcapital=\\"false\\" style=\\"width: 480px;\\"><!----><input class=\\"arco-input arco-input-size-medium\\" type=\\"decimal\\" placeholder=\\"请输入\\" role=\\"spinbutton\\" aria-valuemax=\\"Infinity\\" aria-valuemin=\\"-Infinity\\" aria-valuenow=\\"\\"><!----><!----></span>
      <!---->
    </div>
  </div>
  <!---->
  <div class=\\"arco-space-item\\" style=\\"margin-bottom: 24px;\\">
    <div role=\\"separator\\" class=\\"arco-divider arco-divider-horizontal arco-divider-with-text\\"><span class=\\"arco-divider-text arco-divider-text-left\\">整数</span></div>
  </div>
  <!---->
  <div class=\\"arco-space-item\\" style=\\"margin-bottom: 24px;\\">
    <div class=\\"am-vue-input-decimal-container\\" style=\\"width: 480px;\\"><span class=\\"arco-input-wrapper arco-input-number arco-input-number-mode-embed arco-input-number-size-medium am-vue-input-decimal-input\\" capitalunit=\\"元\\" showcapital=\\"false\\" style=\\"width: 480px;\\"><!----><input class=\\"arco-input arco-input-size-medium\\" type=\\"int\\" placeholder=\\"请输入文件份数\\" role=\\"spinbutton\\" aria-valuemax=\\"100\\" aria-valuemin=\\"-Infinity\\" aria-valuenow=\\"\\"><!----><span class=\\"arco-input-suffix\\"><!---->份<!----></span></span>
      <!---->
    </div>
  </div>
  <!---->
  <div class=\\"arco-space-item\\" style=\\"margin-bottom: 24px;\\">
    <div role=\\"separator\\" class=\\"arco-divider arco-divider-horizontal arco-divider-with-text\\"><span class=\\"arco-divider-text arco-divider-text-left\\">自定义整数位数、小数位数</span></div>
  </div>
  <!---->
  <div class=\\"arco-space-item\\">
    <div class=\\"am-vue-input-decimal-container\\" style=\\"width: 480px;\\"><span class=\\"arco-input-wrapper arco-input-number arco-input-number-mode-embed arco-input-number-size-medium am-vue-input-decimal-input\\" intpartnumber=\\"4\\" capitalunit=\\"元\\" showcapital=\\"false\\" style=\\"width: 480px;\\"><!----><input class=\\"arco-input arco-input-size-medium\\" type=\\"decimal\\" placeholder=\\"请输入\\" role=\\"spinbutton\\" aria-valuemax=\\"Infinity\\" aria-valuemin=\\"-Infinity\\" aria-valuenow=\\"\\"><!----><!----></span>
      <!---->
    </div>
  </div>
</div>"
`;
