// Jest Snapshot v1, https://goo.gl/fbAQLP

exports[`Demo Test: render [BasicDemo] correctly 1`] = `"<templatecomponent>Demo Basic</templatecomponent>"`;
